2026-04-23 18:27:29,119 - INFO - 天气采集程序启动，采集间隔:30分钟）
2026-04-23 18:27:29,133 - INFO - 数据库初始化完成
2026-04-23 18:27:29,134 - INFO - 文件保存目录:weather_data\weather_records.csv 
2026-04-23 18:27:29,134 - INFO - 获取天气数据 - 时间: 2026-04-23 18:27:29
2026-04-23 18:27:29,652 - INFO - 获取成功 - 天气: 阴，温度: 12°C
2026-04-23 18:27:30,074 - INFO - 空气质量获取成功 - AQI: 35
2026-04-23 18:27:30,088 - INFO - 数据保存成功 - 当前数据库共 1 条记录
2026-04-23 18:27:30,089 - INFO - 创建CSV文件并写入表头: weather_records.csv
2026-04-23 18:27:30,089 - INFO - 数据已追加到CSV: weather_records.csv
2026-04-23 18:31:17,127 - INFO - 收到退出信号，正在优雅退出...
2026-04-23 18:31:17,136 - INFO - 程序正常退出
2026-04-23 18:31:30,552 - INFO - 天气采集程序启动，采集间隔:30分钟）
2026-04-23 18:31:30,553 - INFO - 数据库初始化完成
2026-04-23 18:31:30,553 - INFO - 文件保存目录:weather_data\weather_records.csv 
2026-04-23 18:31:30,554 - INFO - 获取天气数据 - 时间: 2026-04-23 18:31:30
2026-04-23 18:31:30,970 - INFO - 获取成功 - 天气: 阴，温度: 12°C
2026-04-23 18:31:31,422 - INFO - 空气质量获取成功 - AQI: 35
2026-04-23 18:31:31,435 - INFO - 数据保存成功 - 当前数据库共 2 条记录
2026-04-23 18:31:31,436 - INFO - 数据已追加到CSV: weather_records.csv
2026-04-23 19:01:31,444 - INFO - 获取天气数据 - 时间: 2026-04-23 19:01:31
2026-04-23 19:01:31,937 - INFO - 获取成功 - 天气: 阴，温度: 12°C
2026-04-23 19:01:32,337 - INFO - 空气质量获取成功 - AQI: 33
2026-04-23 19:01:32,385 - INFO - 数据保存成功 - 当前数据库共 3 条记录
2026-04-23 19:01:32,387 - INFO - 数据已追加到CSV: weather_records.csv
2026-04-23 19:31:32,395 - INFO - 获取天气数据 - 时间: 2026-04-23 19:31:32
2026-04-23 19:31:32,887 - INFO - 获取成功 - 天气: 阴，温度: 7°C
2026-04-23 19:31:33,334 - INFO - 空气质量获取成功 - AQI: 33
2026-04-23 19:31:33,359 - INFO - 数据保存成功 - 当前数据库共 4 条记录
2026-04-23 19:31:33,360 - INFO - 数据已追加到CSV: weather_records.csv
2026-04-23 20:01:33,369 - INFO - 获取天气数据 - 时间: 2026-04-23 20:01:33
2026-04-23 20:01:33,864 - INFO - 获取成功 - 天气: 阴，温度: 4°C
2026-04-23 20:01:34,293 - INFO - 空气质量获取成功 - AQI: 40
2026-04-23 20:01:34,309 - INFO - 数据保存成功 - 当前数据库共 5 条记录
2026-04-23 20:01:34,311 - INFO - 数据已追加到CSV: weather_records.csv
2026-04-23 20:31:34,325 - INFO - 获取天气数据 - 时间: 2026-04-23 20:31:34
2026-04-23 20:31:34,806 - INFO - 获取成功 - 天气: 阴，温度: 2°C
2026-04-23 20:31:35,250 - INFO - 空气质量获取成功 - AQI: 40
2026-04-23 20:31:35,266 - INFO - 数据保存成功 - 当前数据库共 6 条记录
2026-04-23 20:31:35,268 - INFO - 数据已追加到CSV: weather_records.csv
2026-04-23 21:01:35,273 - INFO - 获取天气数据 - 时间: 2026-04-23 21:01:35
2026-04-23 21:01:35,778 - INFO - 获取成功 - 天气: 阴，温度: 2°C
2026-04-23 21:01:36,193 - INFO - 空气质量获取成功 - AQI: 43
2026-04-23 21:01:36,220 - INFO - 数据保存成功 - 当前数据库共 7 条记录
2026-04-23 21:01:36,221 - INFO - 数据已追加到CSV: weather_records.csv
2026-04-23 21:31:36,224 - INFO - 获取天气数据 - 时间: 2026-04-23 21:31:36
2026-04-23 21:31:36,709 - INFO - 获取成功 - 天气: 阴，温度: 1°C
2026-04-23 21:31:37,119 - INFO - 空气质量获取成功 - AQI: 43
2026-04-23 21:31:37,141 - INFO - 数据保存成功 - 当前数据库共 8 条记录
2026-04-23 21:31:37,142 - INFO - 数据已追加到CSV: weather_records.csv
2026-04-23 22:01:37,146 - INFO - 获取天气数据 - 时间: 2026-04-23 22:01:37
2026-04-23 22:01:37,613 - INFO - 获取成功 - 天气: 阴，温度: 0°C
2026-04-23 22:01:38,042 - INFO - 空气质量获取成功 - AQI: 54
2026-04-23 22:01:38,059 - INFO - 数据保存成功 - 当前数据库共 9 条记录
2026-04-23 22:01:38,061 - INFO - 数据已追加到CSV: weather_records.csv
2026-04-23 22:31:38,067 - INFO - 获取天气数据 - 时间: 2026-04-23 22:31:38
2026-04-23 22:31:38,562 - INFO - 获取成功 - 天气: 阴，温度: 0°C
2026-04-23 22:31:38,989 - INFO - 空气质量获取成功 - AQI: 54
2026-04-23 22:31:39,010 - INFO - 数据保存成功 - 当前数据库共 10 条记录
2026-04-23 22:31:39,011 - INFO - 数据已追加到CSV: weather_records.csv
2026-04-23 23:01:39,014 - INFO - 获取天气数据 - 时间: 2026-04-23 23:01:39
2026-04-23 23:01:39,507 - INFO - 获取成功 - 天气: 阴，温度: 0°C
2026-04-23 23:01:39,942 - INFO - 空气质量获取成功 - AQI: 56
2026-04-23 23:01:39,968 - INFO - 数据保存成功 - 当前数据库共 11 条记录
2026-04-23 23:01:39,969 - INFO - 数据已追加到CSV: weather_records.csv
2026-04-23 23:31:39,976 - INFO - 获取天气数据 - 时间: 2026-04-23 23:31:39
2026-04-23 23:31:40,483 - INFO - 获取成功 - 天气: 多云，温度: -1°C
2026-04-23 23:31:40,895 - INFO - 空气质量获取成功 - AQI: 56
2026-04-23 23:31:40,926 - INFO - 数据保存成功 - 当前数据库共 12 条记录
2026-04-23 23:31:40,928 - INFO - 数据已追加到CSV: weather_records.csv
2026-04-24 00:01:40,934 - INFO - 获取天气数据 - 时间: 2026-04-24 00:01:40
2026-04-24 00:01:41,439 - INFO - 获取成功 - 天气: 晴，温度: -1°C
2026-04-24 00:01:41,876 - INFO - 空气质量获取成功 - AQI: 73
2026-04-24 00:01:41,902 - INFO - 数据保存成功 - 当前数据库共 13 条记录
2026-04-24 00:01:41,903 - INFO - 数据已追加到CSV: weather_records.csv
2026-04-24 00:31:41,913 - INFO - 获取天气数据 - 时间: 2026-04-24 00:31:41
2026-04-24 00:31:42,401 - INFO - 获取成功 - 天气: 阴，温度: -1°C
2026-04-24 00:31:42,833 - INFO - 空气质量获取成功 - AQI: 73
2026-04-24 00:31:42,856 - INFO - 数据保存成功 - 当前数据库共 14 条记录
2026-04-24 00:31:42,856 - INFO - 数据已追加到CSV: weather_records.csv
2026-04-24 01:01:42,860 - INFO - 获取天气数据 - 时间: 2026-04-24 01:01:42
2026-04-24 01:01:43,374 - INFO - 获取成功 - 天气: 晴，温度: -1°C
2026-04-24 01:01:43,804 - INFO - 空气质量获取成功 - AQI: 81
2026-04-24 01:01:43,829 - INFO - 数据保存成功 - 当前数据库共 15 条记录
2026-04-24 01:01:43,832 - INFO - 数据已追加到CSV: weather_records.csv
2026-04-24 01:31:43,841 - INFO - 获取天气数据 - 时间: 2026-04-24 01:31:43
2026-04-24 01:31:44,341 - INFO - 获取成功 - 天气: 晴，温度: -1°C
2026-04-24 01:31:44,788 - INFO - 空气质量获取成功 - AQI: 81
2026-04-24 01:31:44,814 - INFO - 数据保存成功 - 当前数据库共 16 条记录
2026-04-24 01:31:44,815 - INFO - 数据已追加到CSV: weather_records.csv
2026-04-24 02:01:44,830 - INFO - 获取天气数据 - 时间: 2026-04-24 02:01:44
2026-04-24 02:01:45,341 - INFO - 获取成功 - 天气: 晴，温度: -2°C
2026-04-24 02:01:45,754 - INFO - 空气质量获取成功 - AQI: 85
2026-04-24 02:01:45,780 - INFO - 数据保存成功 - 当前数据库共 17 条记录
2026-04-24 02:01:45,781 - INFO - 数据已追加到CSV: weather_records.csv
2026-04-24 02:31:45,797 - INFO - 获取天气数据 - 时间: 2026-04-24 02:31:45
2026-04-24 02:31:46,276 - INFO - 获取成功 - 天气: 晴，温度: -3°C
2026-04-24 02:31:46,731 - INFO - 空气质量获取成功 - AQI: 85
2026-04-24 02:31:46,758 - INFO - 数据保存成功 - 当前数据库共 18 条记录
2026-04-24 02:31:46,759 - INFO - 数据已追加到CSV: weather_records.csv
2026-04-24 03:01:46,773 - INFO - 获取天气数据 - 时间: 2026-04-24 03:01:46
2026-04-24 03:01:47,268 - INFO - 获取成功 - 天气: 晴，温度: -3°C
2026-04-24 03:01:47,677 - INFO - 空气质量获取成功 - AQI: 89
2026-04-24 03:01:47,701 - INFO - 数据保存成功 - 当前数据库共 19 条记录
2026-04-24 03:01:47,702 - INFO - 数据已追加到CSV: weather_records.csv
2026-04-24 03:31:47,708 - INFO - 获取天气数据 - 时间: 2026-04-24 03:31:47
2026-04-24 03:31:48,219 - INFO - 获取成功 - 天气: 阴，温度: -4°C
2026-04-24 03:31:48,660 - INFO - 空气质量获取成功 - AQI: 89
2026-04-24 03:31:48,709 - INFO - 数据保存成功 - 当前数据库共 20 条记录
2026-04-24 03:31:48,710 - INFO - 数据已追加到CSV: weather_records.csv
2026-04-24 04:01:48,712 - INFO - 获取天气数据 - 时间: 2026-04-24 04:01:48
2026-04-24 04:01:49,185 - INFO - 获取成功 - 天气: 多云，温度: -4°C
2026-04-24 04:01:49,638 - INFO - 空气质量获取成功 - AQI: 95
2026-04-24 04:01:49,665 - INFO - 数据保存成功 - 当前数据库共 21 条记录
2026-04-24 04:01:49,667 - INFO - 数据已追加到CSV: weather_records.csv
2026-04-24 04:31:49,679 - INFO - 获取天气数据 - 时间: 2026-04-24 04:31:49
2026-04-24 04:31:50,196 - INFO - 获取成功 - 天气: 多云，温度: -4°C
2026-04-24 04:31:50,630 - INFO - 空气质量获取成功 - AQI: 95
2026-04-24 04:31:50,657 - INFO - 数据保存成功 - 当前数据库共 22 条记录
2026-04-24 04:31:50,658 - INFO - 数据已追加到CSV: weather_records.csv
2026-04-24 05:01:50,666 - INFO - 获取天气数据 - 时间: 2026-04-24 05:01:50
2026-04-24 05:01:51,151 - INFO - 获取成功 - 天气: 多云，温度: -4°C
2026-04-24 05:01:51,569 - INFO - 空气质量获取成功 - AQI: 99
2026-04-24 05:01:51,593 - INFO - 数据保存成功 - 当前数据库共 23 条记录
2026-04-24 05:01:51,595 - INFO - 数据已追加到CSV: weather_records.csv
2026-04-24 05:31:51,597 - INFO - 获取天气数据 - 时间: 2026-04-24 05:31:51
2026-04-24 05:31:52,105 - INFO - 获取成功 - 天气: 晴，温度: -5°C
2026-04-24 05:31:52,519 - INFO - 空气质量获取成功 - AQI: 99
2026-04-24 05:31:52,544 - INFO - 数据保存成功 - 当前数据库共 24 条记录
2026-04-24 05:31:52,545 - INFO - 数据已追加到CSV: weather_records.csv
2026-04-24 06:01:52,546 - INFO - 获取天气数据 - 时间: 2026-04-24 06:01:52
2026-04-24 06:01:53,041 - INFO - 获取成功 - 天气: 晴，温度: -4°C
2026-04-24 06:01:53,473 - INFO - 空气质量获取成功 - AQI: 101
2026-04-24 06:01:53,497 - INFO - 数据保存成功 - 当前数据库共 25 条记录
2026-04-24 06:01:53,498 - INFO - 数据已追加到CSV: weather_records.csv
2026-04-24 06:31:53,503 - INFO - 获取天气数据 - 时间: 2026-04-24 06:31:53
2026-04-24 06:31:54,007 - INFO - 获取成功 - 天气: 晴，温度: 0°C
2026-04-24 06:31:54,426 - INFO - 空气质量获取成功 - AQI: 100
2026-04-24 06:31:54,454 - INFO - 数据保存成功 - 当前数据库共 26 条记录
2026-04-24 06:31:54,455 - INFO - 数据已追加到CSV: weather_records.csv
2026-04-24 07:01:54,461 - INFO - 获取天气数据 - 时间: 2026-04-24 07:01:54
2026-04-24 07:01:54,963 - INFO - 获取成功 - 天气: 霾，温度: 0°C
2026-04-24 07:01:55,363 - INFO - 空气质量获取成功 - AQI: 118
2026-04-24 07:01:55,380 - INFO - 数据保存成功 - 当前数据库共 27 条记录
2026-04-24 07:01:55,382 - INFO - 数据已追加到CSV: weather_records.csv
2026-04-24 07:31:55,392 - INFO - 获取天气数据 - 时间: 2026-04-24 07:31:55
2026-04-24 07:31:55,887 - INFO - 获取成功 - 天气: 霾，温度: 4°C
2026-04-24 07:31:56,318 - INFO - 空气质量获取成功 - AQI: 118
2026-04-24 07:31:56,346 - INFO - 数据保存成功 - 当前数据库共 28 条记录
2026-04-24 07:31:56,347 - INFO - 数据已追加到CSV: weather_records.csv
2026-04-24 08:01:56,357 - INFO - 获取天气数据 - 时间: 2026-04-24 08:01:56
2026-04-24 08:01:56,927 - INFO - 获取成功 - 天气: 霾，温度: 7°C
2026-04-24 08:01:57,359 - INFO - 空气质量获取成功 - AQI: 162
2026-04-24 08:01:57,386 - INFO - 数据保存成功 - 当前数据库共 29 条记录
2026-04-24 08:01:57,388 - INFO - 数据已追加到CSV: weather_records.csv
2026-04-24 08:31:57,392 - INFO - 获取天气数据 - 时间: 2026-04-24 08:31:57
2026-04-24 08:31:57,898 - INFO - 获取成功 - 天气: 霾，温度: 8°C
2026-04-24 08:31:58,308 - INFO - 空气质量获取成功 - AQI: 162
2026-04-24 08:31:58,330 - INFO - 数据保存成功 - 当前数据库共 30 条记录
2026-04-24 08:31:58,331 - INFO - 数据已追加到CSV: weather_records.csv
2026-04-24 09:01:58,337 - INFO - 获取天气数据 - 时间: 2026-04-24 09:01:58
2026-04-24 09:01:58,843 - INFO - 获取成功 - 天气: 霾，温度: 8°C
2026-04-24 09:01:59,271 - INFO - 空气质量获取成功 - AQI: 169
2026-04-24 09:01:59,290 - INFO - 数据保存成功 - 当前数据库共 31 条记录
2026-04-24 09:01:59,291 - INFO - 数据已追加到CSV: weather_records.csv
2026-04-24 09:31:59,305 - INFO - 获取天气数据 - 时间: 2026-04-24 09:31:59
2026-04-24 09:31:59,829 - INFO - 获取成功 - 天气: 霾，温度: 12°C
2026-04-24 09:32:00,338 - INFO - 空气质量获取成功 - AQI: 169
2026-04-24 09:32:00,362 - INFO - 数据保存成功 - 当前数据库共 32 条记录
2026-04-24 09:32:00,363 - ERROR - CSV写入失败: [Errno 13] Permission denied: 'weather_data\\weather_records.csv'
2026-04-24 10:02:00,370 - INFO - 获取天气数据 - 时间: 2026-04-24 10:02:00
2026-04-24 10:02:00,812 - INFO - 获取成功 - 天气: 晴，温度: 14°C
2026-04-24 10:02:01,249 - INFO - 空气质量获取成功 - AQI: 144
2026-04-24 10:02:01,291 - INFO - 数据保存成功 - 当前数据库共 33 条记录
2026-04-24 10:02:01,292 - INFO - 数据已追加到CSV: weather_records.csv
2026-04-24 10:15:57,544 - INFO - 收到退出信号，正在优雅退出...
2026-04-24 10:15:57,545 - INFO - 程序正常退出
2026-04-24 10:18:42,344 - INFO - 天气采集程序启动，采集间隔:30分钟）
2026-04-24 10:18:42,346 - INFO - 数据库初始化完成
2026-04-24 10:18:42,346 - INFO - 文件保存目录:weather_data\weather_records.csv 
2026-04-24 10:18:42,346 - INFO - 获取天气数据 - 时间: 2026-04-24 10:18:42
2026-04-24 10:18:42,837 - INFO - 获取成功 - 天气: 多云，温度: 19°C
2026-04-24 10:18:43,258 - INFO - 空气质量获取成功 - AQI: 144
2026-04-24 10:18:43,302 - INFO - 数据保存成功 - 当前数据库共 34 条记录
2026-04-24 10:18:43,304 - INFO - 数据已追加到CSV: weather_records.csv
2026-04-24 10:48:43,310 - INFO - 获取天气数据 - 时间: 2026-04-24 10:48:43
2026-04-24 10:48:43,912 - INFO - 获取成功 - 天气: 多云，温度: 19°C
2026-04-24 10:48:44,509 - INFO - 空气质量获取成功 - AQI: 144
2026-04-24 10:48:44,533 - INFO - 数据保存成功 - 当前数据库共 35 条记录
2026-04-24 10:48:44,534 - INFO - 数据已追加到CSV: weather_records.csv
